// Jest Snapshot v1, https://goo.gl/fbAQLP

exports[`Card should render one exactly card 1`] = `
<div
  className="card"
>
  <img
    alt="John"
    className="blog-image"
    src="abstract.png"
  />
  <figcaption>
    <span
      className="date"
    >
      2nd Januray, 2018
    </span>
    <span
      className="read-time"
    >
      2 mins
    </span>
  </figcaption>
  <p
    className="post-heading"
  >
    The future of abstract art and the culture ...
  </p>
  <p
    className="blog-content"
  >
    Create a blog post subtitle that summarizes your post in a few short, punchy sentences and entices your...
  </p>
  <hr />
  <img
    alt="Clap"
    className="clap-logo"
    src={
      Object {
        "ReactComponent": [Function],
        "__esModule": true,
        "default": "clapping.svg",
      }
    }
  />
  <span
    className="clap-count"
  >
    10
  </span>
  <img
    alt="Heart"
    className="heart-logo"
    src={
      Object {
        "ReactComponent": [Function],
        "__esModule": true,
        "default": "heart-black.svg",
      }
    }
  />
</div>
`;
