// Jest Snapshot v1, https://goo.gl/fbAQLP

exports[`Footer should render a footer 1`] = `
<footer
  className="footer"
>
  <p
    className="content-width"
  >
    Â©artifact.com 2019
  </p>
</footer>
`;
