// Jest Snapshot v1, https://goo.gl/fbAQLP

exports[`BlogPage should render a complete webPage 1`] = `
<div>
  <header>
    <nav
      className="content-width"
    >
      <p>
        The Artifact
      </p>
      <p
        className="heading-content"
      >
        Culture & Art blog
      </p>
      <ul>
        <li>
          Blog
        </li>
        <li>
          About
        </li>
        <li>
          Contact
        </li>
      </ul>
    </nav>
  </header>
  <div
    className="div-blogs content-width"
  />
  <div
    className="btn-class"
  >
    <a
      href="/posts"
      onClick={[Function]}
    >
      <button
        className="btn"
      >
        Post New Blog
      </button>
    </a>
  </div>
  <footer
    className="footer"
  >
    <p
      className="content-width"
    >
      Â©artifact.com 2019
    </p>
  </footer>
</div>
`;
