// Jest Snapshot v1, https://goo.gl/fbAQLP

exports[`CreateBlogForm should render form for creating Blog Post 1`] = `
<form>
  <ul
    class="flex-outer"
  >
    <li>
      <label
        for="date"
      >
        Date
      </label>
      <input
        id="date"
        type="date"
      />
    </li>
    <li>
      <label
        for="read-time"
      >
        Read Time
      </label>
      <input
        id="read-time"
        placeholder="Enter the read time for blog"
        type="text"
      />
    </li>
    <li>
      <label
        for="title"
      >
        Title
      </label>
      <input
        id="title"
        placeholder="Enter the Title of Post"
        type="text"
      />
    </li>
    <li>
      <label
        for="message"
      >
        Message
      </label>
      <textarea
        id="message"
        placeholder="Enter your message here"
        rows="6"
      />
    </li>
    <li>
      <button
        type="submit"
      >
        Submit
      </button>
    </li>
  </ul>
</form>
`;
